/datapool/home/xuxiangyang/project/CNV/20180314/cnv-seq/DWGR18026-TGACCA/cnv/DWGR18026-TGACCA.HK72KCCXY.dup.bam_CNVs.size.N.filter
/datapool/home/xuxiangyang/project/CNV/20180314/cnv-seq/DWGR18026-TTAGGC/cnv/DWGR18026-TTAGGC.HK72KCCXY.dup.bam_CNVs.size.N.filter
/datapool/home/xuxiangyang/project/CNV/20180314/cnv-seq/DWGR18027-AAGTAC/cnv/DWGR18027-AAGTAC.HK72KCCXY.dup.bam_CNVs.size.N.filter
/datapool/home/xuxiangyang/project/CNV/20180314/cnv-seq/DWGR18027-AGATAG/cnv/DWGR18027-AGATAG.HK72KCCXY.dup.bam_CNVs.size.N.filter
/datapool/home/xuxiangyang/project/CNV/20180314/cnv-seq/DWGR18027-ATAATA/cnv/DWGR18027-ATAATA.HK72KCCXY.dup.bam_CNVs.size.N.filter
/datapool/home/xuxiangyang/project/CNV/20180314/cnv-seq/DWGR18027-CTCCTT/cnv/DWGR18027-CTCCTT.HK72KCCXY.dup.bam_CNVs.size.N.filter
/datapool/home/xuxiangyang/project/CNV/20180314/cnv-seq/DWGR18027-GATATA/cnv/DWGR18027-GATATA.HK72KCCXY.dup.bam_CNVs.size.N.filter
/datapool/home/xuxiangyang/project/CNV/20180314/cnv-seq/DWGR18027-GGTGCT/cnv/DWGR18027-GGTGCT.HK72KCCXY.dup.bam_CNVs.size.N.filter
/datapool/home/xuxiangyang/project/CNV/20180314/cnv-seq/DWGR18027-TGCCAT/cnv/DWGR18027-TGCCAT.HK72KCCXY.dup.bam_CNVs.size.N.filter
/datapool/home/xuxiangyang/project/CNV/20180314/cnv-seq/DWGR18027-TGTGGA/cnv/DWGR18027-TGTGGA.HK72KCCXY.dup.bam_CNVs.size.N.filter
