/datapool/home/xuxiangyang/project/levicare/20171025/bwa/DMPL17034/DMPL17034.sort.bam
/datapool/home/xuxiangyang/project/levicare/20171025/bwa/DMPL17035/DMPL17035.sort.bam
/datapool/home/xuxiangyang/project/levicare/20171025/bwa/DMPL17036/DMPL17036.sort.bam
/datapool/home/xuxiangyang/project/levicare/20171025/bwa/DMPL17037/DMPL17037.sort.bam
/datapool/home/xuxiangyang/project/levicare/20171025/bwa/DMPL17038/DMPL17038.sort.bam
/datapool/home/xuxiangyang/project/levicare/20171025/bwa/DMPL17039/DMPL17039.sort.bam
/datapool/home/xuxiangyang/project/levicare/20171025/bwa/DMPL17042/DMPL17042.sort.bam
/datapool/home/xuxiangyang/project/levicare/20170929/bwa/DMPL17032/DMPL17032.sort.bam
/datapool/home/xuxiangyang/project/levicare/20170929/bwa/DMPL17033/DMPL17033.sort.bam
/datapool/home/xuxiangyang/project/levicare/20170909/bwa/guo-adult/guo-adult.sort.bam
/datapool/home/xuxiangyang/project/levicare/20170909/bwa/guo-child/guo-child.sort.bam
/datapool/home/xuxiangyang/project/levicare/20170906/bwa/chengsiying-villus/chengsiying-villus.sort.bam
/datapool/home/xuxiangyang/project/levicare/20170906/bwa/chensiying-blood/chensiying-blood.sort.bam
/datapool/home/xuxiangyang/project/levicare/20170906/bwa/DMPL17013/DMPL17013.sort.bam
/datapool/home/xuxiangyang/project/levicare/20170906/bwa/DMPL17014/DMPL17014.sort.bam
/datapool/home/xuxiangyang/project/levicare/20170906/bwa/DMPL17015/DMPL17015.sort.bam
/datapool/home/xuxiangyang/project/levicare/20170906/bwa/gaoliumei-blood/gaoliumei-blood.sort.bam
/datapool/home/xuxiangyang/project/levicare/20170906/bwa/KD17060734/KD17060734.sort.bam
/datapool/home/xuxiangyang/project/levicare/20170906/bwa/KD17060735/KD17060735.sort.bam
/datapool/home/xuxiangyang/project/levicare/20170906/bwa/KD17060736/KD17060736.sort.bam
/datapool/home/xuxiangyang/project/levicare/20170906/bwa/pengpei-blood/pengpei-blood.sort.bam
/datapool/home/xuxiangyang/project/levicare/20170906/bwa/pengpei-villus/pengpei-villus.sort.bam
/datapool/home/xuxiangyang/project/levicare/20170906/bwa/wanglei-blood/wanglei-blood.sort.bam
/datapool/home/xuxiangyang/project/levicare/20170906/bwa/wangzhiling-villus/wangzhiling-villus.sort.bam
/datapool/home/xuxiangyang/project/levicare/20170906/bwa/zhanghan-blood/zhanghan-blood.sort.bam
/datapool/home/xuxiangyang/project/levicare/20170906/bwa/zhuhuachao-blood/zhuhuachao-blood.sort.bam
/datapool/home/xuxiangyang/project/levicare/CNV/bwa/ZZ17090006/ZZ17090006.sort.bam
