/WORK/cheerland_1/pipeline/exome/db/CODEX/init/shell/CODEX.init.chr1.sh
/WORK/cheerland_1/pipeline/exome/db/CODEX/init/shell/CODEX.init.chr2.sh
/WORK/cheerland_1/pipeline/exome/db/CODEX/init/shell/CODEX.init.chr3.sh
/WORK/cheerland_1/pipeline/exome/db/CODEX/init/shell/CODEX.init.chr4.sh
/WORK/cheerland_1/pipeline/exome/db/CODEX/init/shell/CODEX.init.chr5.sh
/WORK/cheerland_1/pipeline/exome/db/CODEX/init/shell/CODEX.init.chr6.sh
/WORK/cheerland_1/pipeline/exome/db/CODEX/init/shell/CODEX.init.chr7.sh
/WORK/cheerland_1/pipeline/exome/db/CODEX/init/shell/CODEX.init.chr8.sh
/WORK/cheerland_1/pipeline/exome/db/CODEX/init/shell/CODEX.init.chr9.sh
/WORK/cheerland_1/pipeline/exome/db/CODEX/init/shell/CODEX.init.chr10.sh
/WORK/cheerland_1/pipeline/exome/db/CODEX/init/shell/CODEX.init.chr11.sh
/WORK/cheerland_1/pipeline/exome/db/CODEX/init/shell/CODEX.init.chr12.sh
/WORK/cheerland_1/pipeline/exome/db/CODEX/init/shell/CODEX.init.chr13.sh
/WORK/cheerland_1/pipeline/exome/db/CODEX/init/shell/CODEX.init.chr14.sh
/WORK/cheerland_1/pipeline/exome/db/CODEX/init/shell/CODEX.init.chr15.sh
/WORK/cheerland_1/pipeline/exome/db/CODEX/init/shell/CODEX.init.chr16.sh
/WORK/cheerland_1/pipeline/exome/db/CODEX/init/shell/CODEX.init.chr17.sh
/WORK/cheerland_1/pipeline/exome/db/CODEX/init/shell/CODEX.init.chr18.sh
/WORK/cheerland_1/pipeline/exome/db/CODEX/init/shell/CODEX.init.chr19.sh
/WORK/cheerland_1/pipeline/exome/db/CODEX/init/shell/CODEX.init.chr20.sh
/WORK/cheerland_1/pipeline/exome/db/CODEX/init/shell/CODEX.init.chr21.sh
/WORK/cheerland_1/pipeline/exome/db/CODEX/init/shell/CODEX.init.chr22.sh
/WORK/cheerland_1/pipeline/exome/db/CODEX/init/shell/CODEX.init.chrX.sh
/WORK/cheerland_1/pipeline/exome/db/CODEX/init/shell/CODEX.init.chrY.sh
